{
  "runtimeOptions": {
    "additionalProbingPaths": [
      "C:\\Users\\SAMIRAN\\.nuget\\packages"
    ]
  }
}